BOS.c:205:9:minArr	16	static
BOS.c:227:9:QnotEmpty	0	static
BOS.c:274:9:LoadROsnippets	40	static
BOS.c:328:9:LoadROtopology	24	static
BOS.c:361:12:SaveEEportsDir	16	static
BOS.c:379:12:ClearEEportsDir	16	static
BOS.c:399:12:LoadEEportsDir	16	static
BOS.c:416:12:SaveEEalias	24	static
BOS.c:439:12:SaveEEgroup	24	static
BOS.c:473:12:LoadEEalias	32	static
BOS.c:495:12:LoadEEgroup	32	static
BOS.c:526:12:LoadEEstreams	32	static
BOS.c:589:12:SaveEEstreams	40	static
BOS.c:613:12:LoadEEparams	16	static
BOS.c:690:12:SaveEEparams	8	static
BOS.c:727:12:LoadEEbuttons	56	static
BOS.c:241:6:LoadEEvars	8	static
BOS.c:772:9:IsLowerCLIbaud	72	static
BOS.c:813:6:EE_FormatForFactoryReset	8	static
BOS.c:839:12:WriteToRemote	32	static
BOS.c:1064:6:SetupPortForRemoteBootloaderUpdate	8	static
BOS.c:1080:9:IsModuleParameter	16	static
BOS.c:1092:9:IsMathOperator	16	static
BOS.c:1462:12:ExploreNeighbors	24	static
BOS.c:1487:12:FindBroadcastRoutes	48	dynamic
BOS.c:1568:9:FindRoute	80	static
BOS.c:1005:6:remoteBootloaderUpdate	48	static
BOS.c:1655:6:DisplayTopology	40	static
BOS.c:1696:6:DisplayPortsDir	32	static
BOS.c:1721:6:DisplayModuleStatus	40	static
BOS.c:1815:9:GetID	16	static
BOS.c:1854:12:NameModule	24	static
BOS.c:1907:12:AddModuleToGroup	24	static
BOS.c:1977:12:ReadPortsDir	16	static
BOS.c:2005:12:UpdateMyPortsDir	8	static
BOS.c:1119:6:BOS_Init	16	static,ignoring_inline_asm
BOS.c:2033:11:ReadRemoteVar	16	static
BOS.c:2067:11:ReadRemoteMemory	24	static
BOS.c:2104:11:ReadRemoteParam	32	static
BOS.c:2138:12:WriteRemote	16	static
BOS.c:2153:12:WriteRemoteForce	16	static
BOS.c:2163:9:AddBOSvar	12	static
BOS.c:2189:12:ReadFromMBModule	16	static
BOS.c:2231:12:WriteToMBModule	8	static
BOS.c:2264:7:GetDateString	24	static
BOS.c:2277:7:GetTimeString	16	static
BOS.c:2290:12:Bridge	24	static
BOS.c:2300:12:Unbridge	40	static
BOS.c:2325:12:printfp	24	static
