H10R4_it.c:68:6:SysTick_Handler	8	static
H10R4_it.c:79:6:HardFault_Handler	0	static
H10R4_it.c:95:6:USART1_IRQHandler	8	static
H10R4_it.c:114:6:USART2_IRQHandler	8	static
H10R4_it.c:133:6:USART3_8_IRQHandler	8	static
H10R4_it.c:162:6:DMA1_Ch2_3_DMA2_Ch1_2_IRQHandler	8	static
H10R4_it.c:181:6:DMA1_Ch4_7_DMA2_Ch3_5_IRQHandler	8	static
H10R4_it.c:206:6:HAL_UART_TxCpltCallback	16	static
H10R4_it.c:220:6:HAL_UART_ErrorCallback	8	static
H10R4_it.c:240:6:HAL_UART_RxCpltCallback	8	static
H10R4_it.c:257:6:vApplicationStackOverflowHook	0	static,ignoring_inline_asm
H10R4_it.c:270:6:vApplicationMallocFailedHook	0	static,ignoring_inline_asm
H10R4_it.c:298:6:EXTI4_15_IRQHandler	8	static
