H10R4.c:1468:22:variantModParamCommand	8	static,ignoring_inline_asm
H10R4.c:1486:22:xModParamCommand	8	static,ignoring_inline_asm
H10R4.c:1504:22:yModParamCommand	8	static,ignoring_inline_asm
H10R4.c:781:13:ADC_Select_CH8	24	static
H10R4.c:795:13:ADC_Deselect_CH8	24	static
H10R4.c:808:13:ADC_Select_CH9	24	static
H10R4.c:822:13:ADC_Deselect_CH9	24	static
H10R4.c:836:17:Adc_Calculation	8	static
H10R4.c:868:12:Get_Direction	8	static
H10R4.c:1156:22:demoCommand	8	static,ignoring_inline_asm
H10R4.c:926:13:cartesianCoordinates	8	static
H10R4.c:917:13:joystickStopMeasurement	8	static
H10R4.c:952:12:calculateVariantValue	16	static
H10R4.c:765:13:CheckForEnterKey	16	static
H10R4.c:593:22:SendMeasurementResult	64	static
H10R4.c:477:6:JoystickTimerCallback	8	static
H10R4.c:167:6:SystemClock_Config	128	static
H10R4.c:217:9:SaveToRO	48	static
H10R4.c:314:9:ClearROtopology	8	static
H10R4.c:325:6:Module_Init	24	static
H10R4.c:448:6:RegisterModuleCLICommands	8	static
H10R4.c:460:9:GetPort	0	static
H10R4.c:493:6:HAL_GPIO_EXTI_Callback	0	static
H10R4.c:1001:15:Capture_joystick_state	8	static
H10R4.c:1009:15:Get_variant_value	8	static
H10R4.c:1017:15:Stop_Joystick	16	static
H10R4.c:1540:22:joystickStopCommand	8	static,ignoring_inline_asm
H10R4.c:501:13:JoystickTask	40	static
H10R4.c:1031:15:Stream_To_CLI	16	static
H10R4.c:1056:15:Stream_To_CLI_R	16	static
H10R4.c:1079:15:Stream_To_Port	16	static
H10R4.c:1103:15:Stream_To_Buffer	16	static
H10R4.c:1127:15:Stream_To_Cbuffer	16	static
H10R4.c:1220:22:joystickStreamCommand	80	static,ignoring_inline_asm
H10R4.c:354:15:Module_MessagingTask	24	static
